// Jest Snapshot v1, https://goo.gl/fbAQLP

exports[`Snapshot test with content 1`] = `
<div>
  <h2>
    Not Found
  </h2>
</div>
`;
