// Jest Snapshot v1, https://goo.gl/fbAQLP

exports[`renders correctly content 1 1`] = `
<p>
  content 1
</p>
`;
