// Jest Snapshot v1, https://goo.gl/fbAQLP

exports[`Snapshot test with content 1`] = `
<div>
  <HelmetWrapper
    defer={true}
    encodeSpecialCharacters={true}
  >
    <title>
      About
    </title>
  </HelmetWrapper>
  <h2>
    About
  </h2>
</div>
`;
